
> payne-leadership-web@0.0.0 build D:\MyWebSites\scalable-consultation-website
> next build

   ▲ Next.js 15.4.2
   - Environments: .env.production, .env
   - Experiments (use with caution):
     · optimizePackageImports

   Creating an optimized production build ...
